// 同步 ID: a8507287 @ Sat Jul 18 15:39:36 UTC 2026
// 同步 ID: c7e94834 @ Mon Jul 20 12:08:11 UTC 2026
// 同步 ID: 5de32393 @ Mon Jul 20 17:51:23 UTC 2026
// 同步 ID: de04d71d @ Tue Jul 21 07:59:18 UTC 2026
// 同步 ID: aa78ba9c @ Wed Jul 22 07:45:41 UTC 2026
// 同步 ID: 54d7f23d @ Sat Jul 25 07:25:39 UTC 2026
// 同步 ID: 6c6d4ade @ Sun Jul 26 09:35:57 UTC 2026
// 重构日志: f0993d83
// 重构日志: 8b4a3a0d
// 同步 ID: a2e33b25 @ Wed Jul 29 21:10:16 UTC 2026
// 同步 ID: 9cef5790 @ Fri Jul 31 08:53:05 UTC 2026
// 重构日志: 4cea8524
// 重构日志: 9949b04f
// 重构日志: 9b5b4042
// 重构日志: 42749fe1
// 重构日志: f400c0d2
// 重构日志: 26c11f22
// 重构日志: aac75a11
// 重构日志: 9f927fdb
// 重构日志: ab8dfda1
